// Jest Snapshot v1, https://goo.gl/fbAQLP

exports[`FavoriteWalletCard renders without error 1`] = `
<View
  actions={
    [
      {
        "systemIcon": "heart.fill",
        "title": "Remove favorite",
      },
      {
        "systemIcon": "square.and.pencil",
        "title": "Edit favorites",
      },
    ]
  }
  disabled={false}
  onPress={[Function]}
  style={
    {
      "borderRadius": 16,
    }
  }
>
  <View
    collapsable={false}
    focusVisibleStyle={{}}
    forwardedRef={[Function]}
    jestAnimatedStyle={
      {
        "value": {},
      }
    }
    onBlur={[Function]}
    onClick={[Function]}
    onFocus={[Function]}
    onLayout={[Function]}
    onResponderGrant={[Function]}
    onResponderMove={[Function]}
    onResponderRelease={[Function]}
    onResponderTerminate={[Function]}
    onResponderTerminationRequest={[Function]}
    onStartShouldSetResponder={[Function]}
    role="button"
    style={
      {
        "backgroundColor": "#FFFFFF",
        "borderBottomColor": "rgba(34,34,34,0.05)",
        "borderBottomLeftRadius": 16,
        "borderBottomRightRadius": 16,
        "borderBottomWidth": 1,
        "borderLeftColor": "rgba(34,34,34,0.05)",
        "borderLeftWidth": 1,
        "borderRightColor": "rgba(34,34,34,0.05)",
        "borderRightWidth": 1,
        "borderStyle": "solid",
        "borderTopColor": "rgba(34,34,34,0.05)",
        "borderTopLeftRadius": 16,
        "borderTopRightRadius": 16,
        "borderTopWidth": 1,
        "flexDirection": "column",
        "marginBottom": 4,
        "marginLeft": 4,
        "marginRight": 4,
        "marginTop": 4,
        "opacity": 1,
        "overflow": "hidden",
        "shadowColor": "rgb(0,0,0)",
        "shadowOffset": {
          "height": 1,
          "width": 0,
        },
        "shadowOpacity": 0.0196078431372549,
        "shadowRadius": 6,
        "transform": [
          {
            "scale": 1,
          },
        ],
      }
    }
    testID="favorite-wallet-card"
  >
    <View
      onBlur={[Function]}
      onFocus={[Function]}
      style={
        {
          "flexDirection": "row",
          "gap": 4,
          "justifyContent": "space-between",
          "paddingBottom": 12,
          "paddingLeft": 12,
          "paddingRight": 12,
          "paddingTop": 12,
        }
      }
    >
      <View
        onBlur={[Function]}
        onFocus={[Function]}
        style={
          {
            "alignItems": "center",
            "flexDirection": "row",
            "flexShrink": 1,
            "gap": 8,
          }
        }
      >
        <View
          onBlur={[Function]}
          onFocus={[Function]}
          style={
            {
              "backgroundColor": {
                "dynamic": {
                  "dark": "transparent",
                  "light": "transparent",
                },
              },
              "borderBottomColor": {
                "dynamic": {
                  "dark": "transparent",
                  "light": "transparent",
                },
              },
              "borderBottomLeftRadius": 999999,
              "borderBottomRightRadius": 999999,
              "borderBottomWidth": 0,
              "borderLeftColor": {
                "dynamic": {
                  "dark": "transparent",
                  "light": "transparent",
                },
              },
              "borderLeftWidth": 0,
              "borderRightColor": {
                "dynamic": {
                  "dark": "transparent",
                  "light": "transparent",
                },
              },
              "borderRightWidth": 0,
              "borderStyle": "solid",
              "borderTopColor": {
                "dynamic": {
                  "dark": "transparent",
                  "light": "transparent",
                },
              },
              "borderTopLeftRadius": 999999,
              "borderTopRightRadius": 999999,
              "borderTopWidth": 0,
              "flexDirection": "column",
              "position": "relative",
            }
          }
          testID="account-icon"
        >
          <View
            onBlur={[Function]}
            onFocus={[Function]}
            style={
              {
                "flexDirection": "column",
                "height": 20,
                "width": 20,
              }
            }
          >
            <View
              style={
                {
                  "height": 20,
                  "width": 20,
                }
              }
            >
              <skCircle
                color="#00C3A01F"
                cx={10}
                cy={10}
                r={10}
              />
              <skGroup
                transform={
                  [
                    {
                      "translateX": 3.333333333333333,
                    },
                    {
                      "translateY": 3.333333333333333,
                    },
                  ]
                }
              >
                <skGroup
                  transform={
                    [
                      {
                        "scale": 0.2777777777777778,
                      },
                    ]
                  }
                >
                  <skPath
                    clip-rule="evenodd"
                    color="#00C3A0"
                    end={1}
                    fillType="evenOdd"
                    path="M20.9454 0.0175773C22.4936 -0.167833 23.763 1.13917 23.763 2.72944V21.3625C23.763 22.9527 22.4993 24.2419 20.9405 24.2419L2.67549 24.2419C1.11665 24.2419 -0.16452 22.9469 0.0172307 21.3675C1.30306 10.1936 9.99222 1.32931 20.9454 0.0175773Z"
                    start={0}
                    strokeWidth={1}
                  />
                  <skPath
                    clip-rule="evenodd"
                    color="#00C3A0"
                    end={1}
                    fillType="evenOdd"
                    path="M27.0546 47.9824C25.5064 48.1678 24.237 46.8608 24.237 45.2706V26.6375C24.237 25.0473 25.5007 23.7581 27.0595 23.7581L45.3245 23.7581C46.8833 23.7581 48.1645 25.0531 47.9828 26.6325C46.6969 37.8064 38.0078 46.6707 27.0546 47.9824Z"
                    start={0}
                    strokeWidth={1}
                  />
                </skGroup>
              </skGroup>
            </View>
          </View>
        </View>
        <View
          onBlur={[Function]}
          onFocus={[Function]}
          style={
            {
              "alignItems": "center",
              "flexDirection": "row",
            }
          }
        >
          <Text
            adjustsFontSizeToFit={true}
            allowFontScaling={true}
            maxFontSizeMultiplier={1.4}
            numberOfLines={1}
            onBlur={[Function]}
            onFocus={[Function]}
            style={
              {
                "color": {
                  "dynamic": {
                    "dark": "#FFFFFF",
                    "light": "#131313",
                  },
                },
                "flexShrink": 1,
                "fontFamily": "Basel Grotesk",
                "fontSize": 19,
                "fontWeight": "400",
                "lineHeight": 24.7,
              }
            }
            suppressHighlighting={true}
          >
            0xâ€‹82D5...3Fa6
          </Text>
        </View>
      </View>
      <View
        aria-disabled={true}
        collapsable={false}
        focusVisibleStyle={{}}
        forwardedRef={[Function]}
        jestAnimatedStyle={
          {
            "value": {},
          }
        }
        onLayout={[Function]}
        pointerEvents="box-none"
        role="button"
        style={
          {
            "alignItems": "center",
            "backgroundColor": "rgba(19, 19, 19, 0.35)",
            "borderBottomLeftRadius": 999999,
            "borderBottomRightRadius": 999999,
            "borderTopLeftRadius": 999999,
            "borderTopRightRadius": 999999,
            "flexDirection": "column",
            "height": 24,
            "justifyContent": "center",
            "opacity": 0,
            "transform": [
              {
                "scale": 1,
              },
            ],
            "width": 24,
            "zIndex": 1080,
          }
        }
        tabIndex={-1}
        testID="explore/remove-button"
        userSelect="none"
      >
        <View
          onBlur={[Function]}
          onFocus={[Function]}
          style={
            {
              "backgroundColor": {
                "dynamic": {
                  "dark": "#131313",
                  "light": "#FFFFFF",
                },
              },
              "borderBottomLeftRadius": 12,
              "borderBottomRightRadius": 12,
              "borderTopLeftRadius": 12,
              "borderTopRightRadius": 12,
              "flexDirection": "column",
              "height": 2,
              "width": 10,
            }
          }
        />
      </View>
    </View>
  </View>
</View>
`;
