// Vitest Snapshot v1, https://vitest.dev/guide/snapshot.html

exports[`AccountDrawer tests > AccountDrawer default styles 1`] = `
<body>
  <div>
    <span
      class=""
      style="display: contents;"
    >
      <div
        class="_position-_platformweb_fixed _display-flex _alignItems-stretch _flexBasis-auto _boxSizing-border-box _position-relative _minHeight-0px _minWidth-0px _flexShrink-0 _flexDirection-column _height-auto _top-72px _right-t-space-spa1360334080 _zIndex-990 _width-368px"
        data-testid="account-drawer"
      />
      <div
        style="display: contents;"
      />
    </span>
  </div>
</body>
`;
